Email Service Initialized. User: ranjithkumark1130@gmail.com
--- STARTING MANUAL EMAIL TEST ---
Using User: json_user_1765004570255 (ID: 1765004570410)
Using Venue: Main Auditorium (ID: 1765004563641)
Mock Booking created: {
  _id: 'TEST_BOOKING_ID_1765347177099',
  user: '1765004570410',
  venue: '1765004563641',
  startTime: '2025-12-10T06:12:57.099Z',
  endTime: '2025-12-10T07:12:57.100Z',
  purpose: 'Manual Test of Email Service',
  reasoningFileName: 'test_file.pdf',
  reasoningFile: 'path/to/test_file.pdf',
  status: 'pending_level_1',
  approvalLevel: 1
}

Calling sendApprovalRequest...

SUCCESS: Email function executed without error.
